// Jest Snapshot v1, https://goo.gl/fbAQLP

exports[`Test AddRecipeForm components Check if takes a snapshot', 1`] = `
<DocumentFragment>
  <div
    class="sc-bczRLJ sc-dkzDqf sc-bBrHrO hvLzQT WCzRc hRhRdA"
  >
    <div
      class="sc-iBkjds ozUct"
    >
      <button
        aria-label="Close"
        class="sc-iIPllB lCCfB"
        type="submit"
      >
        ×
      </button>
      <h2
        class="sc-hKMtZM gGDAVZ"
        role="heading"
      />
    </div>
    <form
      class="sc-eCYdqJ brYmts"
      enctype="multipart/form-data"
      type="submit"
    >
      <label
        class="sc-jSMfEi eHcCgu"
        for="dish_name"
      >
        Nazwa dania
      </label>
      <input
        aria-label="name"
        class="sc-crXcEl eBnNGu"
        id="name"
        name="name"
        required=""
        type="text"
        value=""
      />
      <label
        class="sc-jSMfEi eHcCgu"
        for="description"
      >
        Krótki opis
      </label>
      <textarea
        class="sc-kDDrLX bnaXvZ"
        id="description"
        required=""
        type="text"
      />
      <label
        class="sc-jSMfEi eHcCgu"
        for="ingredients"
      >
        Składniki
      </label>
      <div
        class="sc-idiyUo dRBNw"
      >
        <div
          class="sc-fEOsli dDmFoF"
        >
          <button
            class="sc-fnykZs hWZGXu"
            type="button"
          >
            <img
              class="sc-hAZoDl iRxQlp"
              src="/icons/addRecipe.svg"
            />
            Dodaj
          </button>
        </div>
      </div>
      <label
        class="sc-jSMfEi eHcCgu"
        for="preparation"
      >
        Przygotowanie
      </label>
      <textarea
        class="sc-kDDrLX bnaXvZ"
        id="preparation"
        required=""
        type="text"
      />
      <label
        class="sc-jSMfEi eHcCgu"
        for="category"
      >
        Kategoria
      </label>
      <div
        class=" css-b62m3t-container"
      >
        <span
          class="css-1f43avz-a11yText-A11yText"
          id="react-select-2-live-region"
        />
        <span
          aria-atomic="false"
          aria-live="polite"
          aria-relevant="additions text"
          class="css-1f43avz-a11yText-A11yText"
        />
        <div
          class=" css-fs4fqg-control"
        >
          <div
            class=" css-319lph-ValueContainer"
          >
            <div
              class=" css-14el2xx-placeholder"
              id="react-select-2-placeholder"
            >
              Select...
            </div>
            <div
              class=" css-6j8wv5-Input"
              data-value=""
            >
              <input
                aria-autocomplete="list"
                aria-describedby="react-select-2-placeholder"
                aria-expanded="false"
                aria-haspopup="true"
                autocapitalize="none"
                autocomplete="off"
                autocorrect="off"
                class=""
                id="react-select-2-input"
                role="combobox"
                spellcheck="false"
                style="opacity: 1; width: 100%; grid-area: 1 / 2; min-width: 2px; border: 0px; margin: 0px; outline: 0; padding: 0px;"
                tabindex="0"
                type="text"
                value=""
              />
            </div>
          </div>
          <div
            class=" css-1hb7zxy-IndicatorsContainer"
          >
            <span
              class=" css-1okebmr-indicatorSeparator"
            />
            <div
              aria-hidden="true"
              class=" css-tlfecz-indicatorContainer"
            >
              <svg
                aria-hidden="true"
                class="css-tj5bde-Svg"
                focusable="false"
                height="20"
                viewBox="0 0 20 20"
                width="20"
              >
                <path
                  d="M4.516 7.548c0.436-0.446 1.043-0.481 1.576 0l3.908 3.747 3.908-3.747c0.533-0.481 1.141-0.446 1.574 0 0.436 0.445 0.408 1.197 0 1.615-0.406 0.418-4.695 4.502-4.695 4.502-0.217 0.223-0.502 0.335-0.787 0.335s-0.57-0.112-0.789-0.335c0 0-4.287-4.084-4.695-4.502s-0.436-1.17 0-1.615z"
                />
              </svg>
            </div>
          </div>
        </div>
        <input
          type="hidden"
          value=""
        />
      </div>
      <label
        class="sc-jSMfEi eHcCgu"
        for="servings_number"
      >
        Ilość porcji
      </label>
      <input
        aria-label="servings-number"
        class="sc-crXcEl eBnNGu"
        id="servingsNumber"
        min="1"
        required=""
        type="number"
        value=""
      />
      <label
        class="sc-jSMfEi eHcCgu"
        for="preparation_time"
        type="text"
      >
        Czas przygotowania
      </label>
      <input
        aria-label="time"
        class="sc-crXcEl eBnNGu"
        id="time"
        required=""
        type="text"
        value=""
      />
      <label
        class="sc-jSMfEi eHcCgu"
        for="difficultyLevel"
      >
        Poziom trudności
      </label>
      <div
        class=" css-b62m3t-container"
        id="difficultyLevel"
      >
        <span
          class="css-1f43avz-a11yText-A11yText"
          id="react-select-3-live-region"
        />
        <span
          aria-atomic="false"
          aria-live="polite"
          aria-relevant="additions text"
          class="css-1f43avz-a11yText-A11yText"
        />
        <div
          class=" css-fs4fqg-control"
        >
          <div
            class=" css-319lph-ValueContainer"
          >
            <div
              class=" css-14el2xx-placeholder"
              id="react-select-3-placeholder"
            >
              Select...
            </div>
            <div
              class=" css-6j8wv5-Input"
              data-value=""
            >
              <input
                aria-autocomplete="list"
                aria-describedby="react-select-3-placeholder"
                aria-expanded="false"
                aria-haspopup="true"
                autocapitalize="none"
                autocomplete="off"
                autocorrect="off"
                class=""
                id="react-select-3-input"
                role="combobox"
                spellcheck="false"
                style="opacity: 1; width: 100%; grid-area: 1 / 2; min-width: 2px; border: 0px; margin: 0px; outline: 0; padding: 0px;"
                tabindex="0"
                type="text"
                value=""
              />
            </div>
          </div>
          <div
            class=" css-1hb7zxy-IndicatorsContainer"
          >
            <span
              class=" css-1okebmr-indicatorSeparator"
            />
            <div
              aria-hidden="true"
              class=" css-tlfecz-indicatorContainer"
            >
              <svg
                aria-hidden="true"
                class="css-tj5bde-Svg"
                focusable="false"
                height="20"
                viewBox="0 0 20 20"
                width="20"
              >
                <path
                  d="M4.516 7.548c0.436-0.446 1.043-0.481 1.576 0l3.908 3.747 3.908-3.747c0.533-0.481 1.141-0.446 1.574 0 0.436 0.445 0.408 1.197 0 1.615-0.406 0.418-4.695 4.502-4.695 4.502-0.217 0.223-0.502 0.335-0.787 0.335s-0.57-0.112-0.789-0.335c0 0-4.287-4.084-4.695-4.502s-0.436-1.17 0-1.615z"
                />
              </svg>
            </div>
          </div>
        </div>
        <input
          type="hidden"
          value=""
        />
      </div>
      <label
        class="sc-jSMfEi eHcCgu"
        for="photo"
      >
        Zdjęcie
      </label>
      <input
        accept="image/*"
        aria-label="photo"
        class="sc-crXcEl kVsQAf"
        id="img"
        name="photo"
        title=" "
        type="file"
      />
      <div
        class="sc-hHLeRK gXxFZB"
      >
        <p>
          Zdjęcie przepisu:
        </p>
        <img
          alt=""
          class="sc-dmRaPn dxfbXy"
        />
      </div>
      <button
        aria-label="save"
        class="sc-gsnTZi sc-gKXOVf goHXkf dEJMjr"
        type="submit"
      >
        Zapisz
      </button>
    </form>
  </div>
  <div
    class="Toastify"
  />
</DocumentFragment>
`;
