// Jest Snapshot v1, https://goo.gl/fbAQLP

exports[`NotFoundPage components Should take a snapshot', 1`] = `
<DocumentFragment>
  .c0 {
  display: -webkit-box;
  display: -webkit-flex;
  display: -ms-flexbox;
  display: flex;
  height: 100vh;
  -webkit-align-items: center;
  -webkit-box-align: center;
  -ms-flex-align: center;
  align-items: center;
  -webkit-box-pack: center;
  -webkit-justify-content: center;
  -ms-flex-pack: center;
  justify-content: center;
  margin: auto 0;
  background: linear-gradient(0.25turn,#3f87a6,#ebf8e1,#c07461);
}

.c1 {
  max-height: 80%;
  width: 85vw;
  object-fit: cover;
  object-position: 20% 69%;
}

@media (max-width:1024px) {
  .c0 {
    background: #fff;
  }
}

@media (max-width:1024px) {
  .c1 {
    min-height: 100vh;
    width: 100vw;
  }
}

@media (max-width:991px) {
  .c1 {
    object-fit: contain;
    object-position: bottom;
  }
}

<div
    class="c0"
  >
    <img
      alt="not-found-page"
      class="c1"
      src="/photos/notFoundPage.jpg"
    />
  </div>
</DocumentFragment>
`;
